// Jest Snapshot v1, https://goo.gl/fbAQLP

exports[`components/pages/Auth/Login Renders the Login 1`] = `
<div
  className="container"
>
  <div
    className="row"
  >
    <div
      className="col col-6 offset-3"
    >
      <div
        className="card-header"
      >
        <h1>
          Login
        </h1>
      </div>
      <div
        className="card-body"
      >
        <div>
          <form
            onSubmit={[Function]}
          >
            <div>
              <div
                className="form-group"
              >
                <label
                  htmlFor="email"
                >
                  Email
                </label>
                <input
                  autoComplete="email"
                  className="form-control"
                  name="email"
                  onBlur={[Function]}
                  onChange={[Function]}
                  onDragStart={[Function]}
                  onDrop={[Function]}
                  onFocus={[Function]}
                  placeholder="Email"
                  type="email"
                  value=""
                />
              </div>
            </div>
            <div>
              <div
                className="form-group"
              >
                <label
                  htmlFor="password"
                >
                  Password
                </label>
                <input
                  autoComplete="current-password"
                  className="form-control"
                  name="password"
                  onBlur={[Function]}
                  onChange={[Function]}
                  onDragStart={[Function]}
                  onDrop={[Function]}
                  onFocus={[Function]}
                  placeholder="Password"
                  type="password"
                  value=""
                />
              </div>
            </div>
            <div
              className=" "
            >
              <button
                className="btn btn-success btn-lg"
                disabled={false}
                type="submit"
              >
                Login
              </button>
            </div>
          </form>
        </div>
      </div>
    </div>
  </div>
</div>
`;
