// Jest Snapshot v1, https://goo.gl/fbAQLP

exports[`components/pages/Cart/Main Renders the cart 1`] = `
<div
  className="container"
>
  <div
    className="card-header"
  >
    <h1>
      Shopping Cart
    </h1>
  </div>
  <div
    className="card-body"
  >
    <div
      className="d-flex"
    >
      <div
        className="flex-grow-1"
      >
        <strong>
          Total: 10.00$
        </strong>
      </div>
      <button
        className="btn btn-success btn-lg"
        disabled={true}
        onClick={[Function]}
        type="submit"
      >
        Save Cart
      </button>
    </div>
  </div>
</div>
`;
